// Vitest Snapshot v1, https://vitest.dev/guide/snapshot.html

exports[`auth > make login request 1`] = `
[
  [
    "scope",
    "scope",
  ],
  [
    "allow_signup",
    "true",
  ],
  [
    "response_type",
    "code",
  ],
  [
    "client_id",
    "clientId",
  ],
  [
    "redirect_uri",
    "http://localhost:3000/callback",
  ],
]
`;

exports[`auth > make login request 2`] = `"https://github.com/login/oauth/authorize?response_type=code&client_id=clientId&redirect_uri=http%3A%2F%2Flocalhost%3A3000%2Fcallback"`;

exports[`auth > should be able to call strategy.authenticate 1`] = `
{
  "login": "login",
}
`;

exports[`auth not logged in 1`] = `
{
  "accessToken": "fake-token",
  "context": undefined,
  "profile": {
    "_json": {
      "id": 690,
      "login": "Mause",
      "name": "Elli",
    },
    "displayName": "Mause",
    "emails": [
      {
        "value": undefined,
      },
    ],
    "id": "690",
    "name": {
      "familyName": "Elli",
      "givenName": "Elli",
      "middleName": "Elli",
    },
    "photos": [
      {
        "value": undefined,
      },
    ],
    "provider": "github",
  },
  "refreshToken": "fake-refresh-token",
}
`;
