// Jest Snapshot v1, https://goo.gl/fbAQLP

exports[`auth not logged in 1`] = `
{
  "accessToken": "fake-token",
  "context": undefined,
  "profile": {
    "_json": {
      "id": 690,
      "login": "Mause",
      "name": "Elli",
    },
    "displayName": "Mause",
    "emails": [
      {
        "value": undefined,
      },
    ],
    "id": "690",
    "name": {
      "familyName": "Elli",
      "givenName": "Elli",
      "middleName": "Elli",
    },
    "photos": [
      {
        "value": undefined,
      },
    ],
    "provider": "github",
  },
  "refreshToken": "fake-refresh-token",
}
`;

exports[`auth should be able to call strategy.authenticate 1`] = `
{
  "login": "login",
}
`;
