// Vitest Snapshot v1, https://vitest.dev/guide/snapshot.html

exports[`auth > make login request 1`] = `
[
  [
    "scope",
    "scope",
  ],
  [
    "allow_signup",
    "true",
  ],
  [
    "response_type",
    "code",
  ],
  [
    "client_id",
    "clientId",
  ],
  [
    "redirect_uri",
    "http://localhost:3000/callback",
  ],
]
`;

exports[`auth > make login request 2`] = `"https://github.com/login/oauth/authorize?scope=scope&allow_signup=true&response_type=code&client_id=clientId&redirect_uri=http%3A%2F%2Flocalhost%3A3000%2Fcallback"`;

exports[`auth > should be able to call strategy.authenticate 1`] = `
{
  "login": "login",
}
`;

exports[`request 1`] = `
{
  "data": {
    "id": 690,
    "login": "Mause",
    "name": "Elli",
  },
  "headers": {
    "date": "Fri, 19 Jan 2024 07:12:21 GMT",
  },
  "status": 200,
  "url": "https://api.github.com/user",
}
`;

exports[`request with octokit 1`] = `
{
  "data": "{"id":690,"login":"Mause","name":"Elli"}",
  "headers": {},
  "status": 200,
  "url": "https://api.github.com/user",
}
`;
