// Vitest Snapshot v1, https://vitest.dev/guide/snapshot.html

exports[`graphql 1`] = `
{
  "__typename": "Query",
  "user": null,
}
`;

exports[`graphql 2`] = `
[
  [
    [GraphqlResponseError: Request failed due to following response errors:
 - Not Found],
  ],
]
`;

exports[`graphql 3`] = `
[
  [
    "GraphqlResponseError",
    "Request failed due to following response errors:
 - Not Found",
  ],
]
`;
